2025-10-06 10:06:47,703 - app.ClasseA - INFO - Lecture de PDF ...
2025-10-06 10:07:02,142 - app.ClasseA - INFO - Lecture de PDF ...
2025-10-06 10:20:15,700 - app.ClasseA - ERROR - Erreur dans ClasseA: [Errno 2] No such file or directory: 'data/batch/disease-handbook-completed_removed.pdf'
Traceback (most recent call last):
  File "C:\soukaina touati\devs\chat_bot_azure\backend\app\data_preparation\parsers\pdf_parser.py", line 14, in extract_text
    with pdfplumber.open(self.file_path) as pdf:
         ~~~~~~~~~~~~~~~^^^^^^^^^^^^^^^^
  File "C:\Users\touati\AppData\Roaming\Python\Python313\site-packages\pdfplumber\pdf.py", line 98, in open
    stream = open(path_or_fp, "rb")
FileNotFoundError: [Errno 2] No such file or directory: 'data/batch/disease-handbook-completed_removed.pdf'
2025-10-06 10:20:59,012 - app.ClasseA - ERROR - Erreur dans ClasseA: [Errno 2] No such file or directory: 'data/batch/disease-handbook-completed_removed.pdf'
2025-10-06 10:21:18,258 - app.ClasseA - ERROR - Erreur dans ClasseA: [Errno 2] No such file or directory: 'data/batch/disease-handbook-completed_removed.pdf'
2025-10-06 10:39:00,449 - app.ClasseA - ERROR - Erreur dans ClasseA: [Errno 2] No such file or directory: 'data/batch/disease-handbook-completed_removed.pdf'
Traceback (most recent call last):
  File "C:\soukaina touati\devs\chat_bot_azure\backend\app\data_preparation\parsers\pdf_parser.py", line 14, in extract_text
    with pdfplumber.open(self.file_path) as pdf:
         ~~~~~~~~~~~~~~~^^^^^^^^^^^^^^^^
  File "C:\Users\touati\AppData\Roaming\Python\Python313\site-packages\pdfplumber\pdf.py", line 98, in open
    stream = open(path_or_fp, "rb")
FileNotFoundError: [Errno 2] No such file or directory: 'data/batch/disease-handbook-completed_removed.pdf'
2025-10-06 10:39:33,966 - app.pdfparser - ERROR - [Errno 2] No such file or directory: 'data/batch/disease-handbook-completed_removed.pdf'
Traceback (most recent call last):
  File "C:\soukaina touati\devs\chat_bot_azure\backend\app\data_preparation\parsers\pdf_parser.py", line 14, in extract_text
    with pdfplumber.open(self.file_path) as pdf:
         ~~~~~~~~~~~~~~~^^^^^^^^^^^^^^^^
  File "C:\Users\touati\AppData\Roaming\Python\Python313\site-packages\pdfplumber\pdf.py", line 98, in open
    stream = open(path_or_fp, "rb")
FileNotFoundError: [Errno 2] No such file or directory: 'data/batch/disease-handbook-completed_removed.pdf'
2025-10-06 10:40:21,240 - app.pdfparser - ERROR - [Errno 2] No such file or directory: 'data/batch/disease-handbook-completed_removed.pdf'
Traceback (most recent call last):
  File "C:\soukaina touati\devs\chat_bot_azure\backend\app\data_preparation\parsers\pdf_parser.py", line 14, in extract_text
    with pdfplumber.open(self.file_path) as pdf:
         ~~~~~~~~~~~~~~~^^^^^^^^^^^^^^^^
  File "C:\Users\touati\AppData\Roaming\Python\Python313\site-packages\pdfplumber\pdf.py", line 98, in open
    stream = open(path_or_fp, "rb")
FileNotFoundError: [Errno 2] No such file or directory: 'data/batch/disease-handbook-completed_removed.pdf'
2025-10-06 10:40:37,403 - app.pdfparser - ERROR - [Errno 2] No such file or directory: 'data/batch/disease-handbook-completed_removed.pdf'
2025-10-06 10:40:49,197 - app.pdfparser - ERROR - [Errno 2] No such file or directory: 'data/batch/disease-handbook-completed_removed.pdf'
2025-10-06 10:48:13,148 - app.pdfparser - INFO - Lecture de PDF ...
2025-10-06 10:48:28,167 - app.pdfparser - ERROR - [Errno 2] No such file or directory: 'data/batch/disease-handbook-completed_removed.pdf'
2025-10-06 16:18:02,282 - app.imageparser - INFO - Modèle OCR chargé avec det_arch=db_resnet50, reco_arch=crnn_vgg16_bn, device=cpu
2025-10-06 16:18:02,285 - app.imageparser - INFO - Traitement OCR de l'image : data/capture.png
2025-10-06 16:18:11,500 - app.imageparser - INFO - Texte extrait avec succès (1703 caractères)
2025-10-06 16:29:31,005 - app.imageparser - INFO - Modèle OCR chargé avec det_arch=db_resnet50, reco_arch=crnn_vgg16_bn, device=cpu
2025-10-06 16:29:31,006 - app.imageparser - INFO - Traitement OCR de l'image : data/capture1.png
2025-10-06 16:29:34,093 - app.imageparser - WARNING - Aucun texte détecté dans l'image : data/capture1.png
2025-10-06 16:30:14,426 - app.imageparser - INFO - Modèle OCR chargé avec det_arch=db_resnet50, reco_arch=crnn_vgg16_bn, device=cpu
2025-10-06 16:30:14,427 - app.imageparser - INFO - Traitement OCR de l'image : data/capture1.png
2025-10-06 16:30:17,047 - app.imageparser - WARNING - Aucun texte détecté dans l'image : data/capture1.png
