2025-10-07 12:08:30,638 - app.imageparser - INFO - Modèle OCR chargé avec det_arch=db_resnet50, reco_arch=crnn_vgg16_bn, device=cpu
2025-10-07 12:08:30,639 - app.imageparser - INFO - Traitement OCR de l'image : data/images/page1.jpg
2025-10-07 12:08:41,434 - app.imageparser - INFO - Texte extrait avec succès (1361 caractères)
2025-10-07 13:29:33,940 - app.imageparser - INFO - Modèle OCR chargé avec det_arch=db_resnet50, reco_arch=crnn_vgg16_bn, device=cpu
2025-10-07 13:29:33,944 - app.imageparser - INFO - Traitement OCR de l'image : data/images/page1.jpg
2025-10-07 13:29:44,341 - app.imageparser - INFO - Texte extrait avec succès (1361 caractères)
2025-10-07 16:30:29,618 - app.imageparser - INFO - Modèle OCR chargé avec det_arch=db_resnet50, reco_arch=crnn_vgg16_bn, device=cpu
2025-10-07 16:30:29,620 - app.imageparser - INFO - Traitement en lot de 1 images
2025-10-07 16:30:29,621 - app.imageparser - INFO - Traitement OCR de l'image : data/images
2025-10-07 16:30:29,621 - app.imageparser - ERROR - unable to access data/images
2025-10-07 16:30:29,622 - app.imageparser - INFO - Traitement OCR du lot terminé
2025-10-07 16:32:36,424 - app.imageparser - INFO - Modèle OCR chargé avec det_arch=db_resnet50, reco_arch=crnn_vgg16_bn, device=cpu
2025-10-07 16:32:36,427 - app.imageparser - INFO - Traitement en lot de 6 images
2025-10-07 16:32:36,428 - app.imageparser - INFO - Traitement OCR de l'image : data/images\page1.jpg
2025-10-07 16:32:45,339 - app.imageparser - INFO - Texte extrait avec succès (1223 caractères)
2025-10-07 16:32:45,343 - app.imageparser - INFO - Traitement OCR de l'image : data/images\page2.jpg
2025-10-07 16:32:53,151 - app.imageparser - INFO - Texte extrait avec succès (1338 caractères)
2025-10-07 16:32:53,156 - app.imageparser - INFO - Traitement OCR de l'image : data/images\page3.jpg
2025-10-07 16:33:05,903 - app.imageparser - INFO - Texte extrait avec succès (2589 caractères)
2025-10-07 16:33:05,906 - app.imageparser - INFO - Traitement OCR de l'image : data/images\page4.jpg
2025-10-07 16:33:17,884 - app.imageparser - INFO - Texte extrait avec succès (2113 caractères)
2025-10-07 16:33:17,888 - app.imageparser - INFO - Traitement OCR de l'image : data/images\page5.jpg
2025-10-07 16:33:27,848 - app.imageparser - INFO - Texte extrait avec succès (2062 caractères)
2025-10-07 16:33:27,851 - app.imageparser - INFO - Traitement OCR de l'image : data/images\page6.jpg
2025-10-07 16:33:37,075 - app.imageparser - INFO - Texte extrait avec succès (2082 caractères)
2025-10-07 16:33:37,078 - app.imageparser - INFO - Traitement OCR du lot terminé
2025-10-07 16:43:56,741 - app.imageparser - INFO - Modèle OCR chargé avec det_arch=db_resnet50, reco_arch=crnn_vgg16_bn, device=cpu
2025-10-07 16:43:56,744 - app.imageparser - INFO - Traitement en lot de 6 images
2025-10-07 16:43:56,745 - app.imageparser - INFO - Traitement OCR de l'image : data/images\page1.jpg
2025-10-07 16:44:05,233 - app.imageparser - INFO - Texte extrait avec succès (1187 caractères)
2025-10-07 16:44:05,239 - app.imageparser - INFO - Traitement OCR de l'image : data/images\page2.jpg
2025-10-07 16:44:15,306 - app.imageparser - INFO - Texte extrait avec succès (1338 caractères)
2025-10-07 16:44:15,312 - app.imageparser - INFO - Traitement OCR de l'image : data/images\page3.jpg
2025-10-07 16:44:28,621 - app.imageparser - INFO - Texte extrait avec succès (2582 caractères)
2025-10-07 16:44:28,625 - app.imageparser - INFO - Traitement OCR de l'image : data/images\page4.jpg
2025-10-07 16:44:42,326 - app.imageparser - INFO - Texte extrait avec succès (2099 caractères)
2025-10-07 16:44:42,330 - app.imageparser - INFO - Traitement OCR de l'image : data/images\page5.jpg
2025-10-07 16:44:55,120 - app.imageparser - INFO - Texte extrait avec succès (2056 caractères)
2025-10-07 16:44:55,125 - app.imageparser - INFO - Traitement OCR de l'image : data/images\page6.jpg
2025-10-07 16:45:07,738 - app.imageparser - INFO - Texte extrait avec succès (2080 caractères)
2025-10-07 16:45:07,742 - app.imageparser - INFO - Traitement OCR du lot terminé
2025-10-07 16:50:25,540 - app.imageparser - INFO - Modèle OCR chargé avec det_arch=db_resnet50, reco_arch=crnn_vgg16_bn, device=cpu
2025-10-08 09:34:46,938 - app.imageparser - INFO - Modèle OCR chargé avec det_arch=db_resnet50, reco_arch=crnn_vgg16_bn, device=cpu
2025-10-08 09:54:20,188 - app.imageparser - INFO - Modèle OCR chargé avec det_arch=db_resnet50, reco_arch=crnn_vgg16_bn, device=cpu
2025-10-08 09:54:20,191 - app.pdfparser - INFO - Parsing du fichier PDF : data/pdf
2025-10-08 09:54:20,192 - app.pdfparser - INFO - Extraction du texte depuis le PDF : data/pdf
2025-10-08 09:54:20,193 - app.pdfparser - ERROR - Erreur lors de la lecture du PDF data/pdf: [Errno 13] Permission denied: 'data/pdf'
Traceback (most recent call last):
  File "C:\soukaina touati\devs\chat_bot_azure\backend\app\data_preparation\parsers\pdf_parser.py", line 27, in extract_text
    with pdfplumber.open(self.file_path) as pdf:
         ~~~~~~~~~~~~~~~^^^^^^^^^^^^^^^^
  File "C:\Users\touati\AppData\Roaming\Python\Python313\site-packages\pdfplumber\pdf.py", line 98, in open
    stream = open(path_or_fp, "rb")
PermissionError: [Errno 13] Permission denied: 'data/pdf'
2025-10-08 09:54:20,306 - app.pdfparser - WARNING - Aucun texte extrait du PDF : data/pdf
2025-10-08 09:55:03,376 - app.imageparser - INFO - Modèle OCR chargé avec det_arch=db_resnet50, reco_arch=crnn_vgg16_bn, device=cpu
2025-10-08 09:55:03,379 - app.pdfparser - INFO - Parsing du fichier PDF : data/pdf
2025-10-08 09:55:03,380 - app.pdfparser - INFO - Extraction du texte depuis le PDF : data/pdf
2025-10-08 09:55:03,380 - app.pdfparser - ERROR - Erreur lors de la lecture du PDF data/pdf: [Errno 13] Permission denied: 'data/pdf'
Traceback (most recent call last):
  File "C:\soukaina touati\devs\chat_bot_azure\backend\app\data_preparation\parsers\pdf_parser.py", line 27, in extract_text
    with pdfplumber.open(self.file_path) as pdf:
         ~~~~~~~~~~~~~~~^^^^^^^^^^^^^^^^
  File "C:\Users\touati\AppData\Roaming\Python\Python313\site-packages\pdfplumber\pdf.py", line 98, in open
    stream = open(path_or_fp, "rb")
PermissionError: [Errno 13] Permission denied: 'data/pdf'
2025-10-08 09:55:03,385 - app.pdfparser - WARNING - Aucun texte extrait du PDF : data/pdf
2025-10-08 10:07:38,406 - app.pdfparser - INFO - Parsing du fichier PDF : data/pdf
2025-10-08 10:07:38,406 - app.pdfparser - INFO - Extraction du texte depuis le PDF : data/pdf
2025-10-08 10:07:38,407 - app.pdfparser - ERROR - Erreur lors de la lecture du PDF data/pdf: [Errno 13] Permission denied: 'data/pdf'
Traceback (most recent call last):
  File "C:\soukaina touati\devs\chat_bot_azure\backend\app\data_preparation\parsers\pdf_parser.py", line 27, in extract_text
    with pdfplumber.open(path) as pdf:
         ~~~~~~~~~~~~~~~^^^^^^
  File "C:\Users\touati\AppData\Roaming\Python\Python313\site-packages\pdfplumber\pdf.py", line 98, in open
    stream = open(path_or_fp, "rb")
PermissionError: [Errno 13] Permission denied: 'data/pdf'
2025-10-08 10:07:38,445 - app.pdfparser - WARNING - Aucun texte extrait du PDF : data/pdf
2025-10-08 10:07:38,446 - app.pdfparser - INFO - PDF analysé avec succès : data/pdf
2025-10-08 10:14:32,201 - app.pdfparser - INFO - Recherche de fichiers PDF dans : data/pdf
2025-10-08 10:14:32,202 - app.pdfparser - INFO - Extraction du texte depuis le PDF : data/pdf\421-hovedbrosjyre-livmorhals_TT_EN_LINK_lr_removed.pdf
2025-10-08 10:14:33,128 - app.pdfparser - INFO - Texte extrait avec succès (20282 caractères)
2025-10-08 10:14:33,129 - app.pdfparser - INFO - Extraction du texte depuis le PDF : data/pdf\Management of Hepatitis B Infection_removed.pdf
2025-10-08 10:14:35,312 - app.pdfparser - INFO - Texte extrait avec succès (24656 caractères)
2025-10-08 10:14:35,313 - app.pdfparser - INFO - 2 fichiers PDF traités avec succès.
2025-10-08 10:15:24,596 - app.pdfparser - INFO - Recherche de fichiers PDF dans : data/pdf
2025-10-08 10:15:24,598 - app.pdfparser - INFO - Extraction du texte depuis le PDF : data/pdf\421-hovedbrosjyre-livmorhals_TT_EN_LINK_lr_removed.pdf
2025-10-08 10:15:27,284 - app.pdfparser - INFO - Texte extrait avec succès (20282 caractères)
2025-10-08 10:15:27,285 - app.pdfparser - INFO - Extraction du texte depuis le PDF : data/pdf\Management of Hepatitis B Infection_removed.pdf
2025-10-08 10:15:30,432 - app.pdfparser - INFO - Texte extrait avec succès (24656 caractères)
2025-10-08 10:15:30,433 - app.pdfparser - INFO - 2 fichiers PDF traités avec succès.
2025-10-08 10:16:31,213 - app.pdfparser - INFO - Recherche de fichiers PDF dans : data/pdf
2025-10-08 10:16:31,214 - app.pdfparser - INFO - Extraction du texte depuis le PDF : data/pdf\421-hovedbrosjyre-livmorhals_TT_EN_LINK_lr_removed.pdf
2025-10-08 10:16:33,850 - app.pdfparser - INFO - Texte extrait avec succès (20282 caractères)
2025-10-08 10:16:33,851 - app.pdfparser - INFO - Extraction du texte depuis le PDF : data/pdf\Management of Hepatitis B Infection_removed.pdf
2025-10-08 10:16:37,734 - app.pdfparser - INFO - Texte extrait avec succès (24656 caractères)
2025-10-08 10:16:37,735 - app.pdfparser - INFO - 2 fichiers PDF traités avec succès.
2025-10-08 10:21:22,449 - app.pdfparser - INFO - Recherche de fichiers PDF dans : data/pdf
2025-10-08 10:21:22,451 - app.pdfparser - INFO - Extraction du texte depuis le PDF : data/pdf\421-hovedbrosjyre-livmorhals_TT_EN_LINK_lr_removed.pdf
2025-10-08 10:21:24,519 - app.pdfparser - INFO - Texte extrait avec succès (20282 caractères)
2025-10-08 10:21:24,520 - app.pdfparser - INFO - Extraction du texte depuis le PDF : data/pdf\Management of Hepatitis B Infection_removed.pdf
2025-10-08 10:21:27,933 - app.pdfparser - INFO - Texte extrait avec succès (24656 caractères)
2025-10-08 10:21:27,934 - app.pdfparser - INFO - 2 fichiers PDF traités avec succès.
2025-10-08 10:25:39,841 - app.pdfparser - INFO - Recherche de fichiers PDF dans : data/pdf
2025-10-08 10:25:39,843 - app.pdfparser - INFO - Extraction du texte depuis le PDF : data/pdf\421-hovedbrosjyre-livmorhals_TT_EN_LINK_lr_removed.pdf
2025-10-08 10:25:42,678 - app.pdfparser - INFO - Texte extrait avec succès (20282 caractères)
2025-10-08 10:25:42,679 - app.pdfparser - INFO - Extraction du texte depuis le PDF : data/pdf\Management of Hepatitis B Infection_removed.pdf
2025-10-08 10:25:44,928 - app.pdfparser - INFO - Texte extrait avec succès (24656 caractères)
2025-10-08 10:25:44,929 - app.pdfparser - INFO - 2 fichiers PDF traités avec succès.
2025-10-08 10:38:36,780 - app.pdfparser - INFO - Parsing du fichier PDF : data/pdf
2025-10-08 10:38:36,782 - app.pdfparser - INFO - Extraction du texte depuis le PDF : data/pdf
2025-10-08 10:38:36,783 - app.pdfparser - ERROR - Erreur lors de la lecture du PDF data/pdf: [Errno 13] Permission denied: 'data/pdf'
Traceback (most recent call last):
  File "C:\soukaina touati\devs\chat_bot_azure\backend\app\data_preparation\parsers\pdf_parser.py", line 27, in extract_text
    with pdfplumber.open(path) as pdf:
         ~~~~~~~~~~~~~~~^^^^^^
  File "C:\Users\touati\AppData\Roaming\Python\Python313\site-packages\pdfplumber\pdf.py", line 98, in open
    stream = open(path_or_fp, "rb")
PermissionError: [Errno 13] Permission denied: 'data/pdf'
2025-10-08 10:38:36,788 - app.pdfparser - WARNING - Aucun texte extrait du PDF : data/pdf
2025-10-08 10:38:36,789 - app.pdfparser - INFO - PDF analysé avec succès : data/pdf
2025-10-08 10:39:27,969 - app.pdfparser - INFO - Recherche de fichiers PDF dans : data/pdf
2025-10-08 10:39:27,971 - app.pdfparser - INFO - Extraction du texte depuis le PDF : data/pdf\421-hovedbrosjyre-livmorhals_TT_EN_LINK_lr_removed.pdf
2025-10-08 10:39:30,928 - app.pdfparser - INFO - Texte extrait avec succès (20282 caractères)
2025-10-08 10:39:30,929 - app.pdfparser - INFO - Extraction du texte depuis le PDF : data/pdf\Management of Hepatitis B Infection_removed.pdf
2025-10-08 10:39:33,575 - app.pdfparser - INFO - Texte extrait avec succès (24656 caractères)
2025-10-08 10:39:33,576 - app.pdfparser - INFO - 2 fichiers PDF traités avec succès.
2025-10-08 11:24:44,475 - app.imageparser - INFO - Modèle OCR chargé avec det_arch=db_resnet50, reco_arch=crnn_vgg16_bn, device=cpu
2025-10-08 11:24:44,480 - app.txtparser - INFO - 231 fichiers texte détectés dans C:\soukaina touati\devs\chat_bot_azure\data\txt
2025-10-08 11:24:53,830 - app.txtparser - INFO - Corpus chargé avec 231 documents.
2025-10-08 11:25:36,304 - app.imageparser - INFO - Modèle OCR chargé avec det_arch=db_resnet50, reco_arch=crnn_vgg16_bn, device=cpu
2025-10-08 11:25:36,306 - app.txtparser - INFO - 13 fichiers texte détectés dans C:\soukaina touati\devs\chat_bot_azure\data\batch_txt
2025-10-08 11:25:36,975 - app.txtparser - INFO - Corpus chargé avec 13 documents.
2025-10-08 11:26:10,817 - app.imageparser - INFO - Modèle OCR chargé avec det_arch=db_resnet50, reco_arch=crnn_vgg16_bn, device=cpu
2025-10-08 11:26:10,819 - app.txtparser - INFO - 13 fichiers texte détectés dans C:\soukaina touati\devs\chat_bot_azure\data\batch_txt
2025-10-08 11:26:10,844 - app.txtparser - INFO - Corpus chargé avec 13 documents.
2025-10-08 11:30:49,320 - app.imageparser - INFO - Modèle OCR chargé avec det_arch=db_resnet50, reco_arch=crnn_vgg16_bn, device=cpu
2025-10-08 11:30:49,327 - app.txtparser - INFO - 13 fichiers texte détectés dans C:\soukaina touati\devs\chat_bot_azure\data\batch_txt
2025-10-08 11:30:49,840 - app.txtparser - INFO - Corpus chargé avec 13 documents.
2025-10-08 11:40:23,476 - app.imageparser - INFO - Modèle OCR chargé avec det_arch=db_resnet50, reco_arch=crnn_vgg16_bn, device=cpu
2025-10-08 11:40:23,479 - app.pdfparser - INFO - Recherche de fichiers PDF dans : data/pdf
2025-10-08 11:40:23,480 - app.pdfparser - INFO - Extraction du texte depuis le PDF : data/pdf\421-hovedbrosjyre-livmorhals_TT_EN_LINK_lr_removed.pdf
2025-10-08 11:40:25,028 - app.pdfparser - INFO - Texte extrait avec succès (20282 caractères)
2025-10-08 11:40:25,031 - app.pdfparser - INFO - Extraction du texte depuis le PDF : data/pdf\Management of Hepatitis B Infection_removed.pdf
2025-10-08 11:40:27,069 - app.pdfparser - INFO - Texte extrait avec succès (24656 caractères)
2025-10-08 11:40:27,070 - app.pdfparser - INFO - 2 fichiers PDF traités avec succès.
2025-10-08 11:40:27,070 - app.imageparser - INFO - Traitement en lot de 6 images
2025-10-08 11:40:27,071 - app.imageparser - INFO - Traitement OCR de l'image : data/images\page1.jpg
2025-10-08 11:40:36,692 - app.imageparser - INFO - Texte extrait avec succès (1187 caractères)
2025-10-08 11:40:36,696 - app.imageparser - INFO - Traitement OCR de l'image : data/images\page2.jpg
2025-10-08 11:40:44,568 - app.imageparser - INFO - Texte extrait avec succès (1338 caractères)
2025-10-08 11:40:44,573 - app.imageparser - INFO - Traitement OCR de l'image : data/images\page3.jpg
2025-10-08 11:40:57,815 - app.imageparser - INFO - Texte extrait avec succès (2582 caractères)
2025-10-08 11:40:57,818 - app.imageparser - INFO - Traitement OCR de l'image : data/images\page4.jpg
2025-10-08 11:41:07,552 - app.imageparser - INFO - Texte extrait avec succès (2099 caractères)
2025-10-08 11:41:07,554 - app.imageparser - INFO - Traitement OCR de l'image : data/images\page5.jpg
2025-10-08 11:41:15,854 - app.imageparser - INFO - Texte extrait avec succès (2056 caractères)
2025-10-08 11:41:15,859 - app.imageparser - INFO - Traitement OCR de l'image : data/images\page6.jpg
2025-10-08 11:41:25,747 - app.imageparser - INFO - Texte extrait avec succès (2080 caractères)
2025-10-08 11:41:25,752 - app.imageparser - INFO - Traitement OCR du lot terminé
2025-10-08 11:41:25,754 - app.txtparser - INFO - 13 fichiers texte détectés dans C:\soukaina touati\devs\chat_bot_azure\data\batch_txt
2025-10-08 11:41:25,789 - app.txtparser - INFO - Corpus chargé avec 13 documents.
2025-10-08 11:51:14,862 - app.imageparser - INFO - Modèle OCR chargé avec det_arch=db_resnet50, reco_arch=crnn_vgg16_bn, device=cpu
2025-10-08 11:51:14,864 - app.pdfparser - INFO - Recherche de fichiers PDF dans : data/pdf
2025-10-08 11:51:14,865 - app.pdfparser - INFO - Extraction du texte depuis le PDF : data/pdf\421-hovedbrosjyre-livmorhals_TT_EN_LINK_lr_removed.pdf
2025-10-08 11:51:17,610 - app.pdfparser - INFO - Texte extrait avec succès (20282 caractères)
2025-10-08 11:51:17,611 - app.pdfparser - INFO - Extraction du texte depuis le PDF : data/pdf\Management of Hepatitis B Infection_removed.pdf
2025-10-08 11:51:22,916 - app.pdfparser - INFO - Texte extrait avec succès (24656 caractères)
2025-10-08 11:51:22,918 - app.pdfparser - INFO - 2 fichiers PDF traités avec succès.
2025-10-08 11:51:22,919 - app.imageparser - INFO - Traitement en lot de 6 images
2025-10-08 11:51:22,920 - app.imageparser - INFO - Traitement OCR de l'image : data/images\page1.jpg
2025-10-08 11:51:33,219 - app.imageparser - INFO - Texte extrait avec succès (1187 caractères)
2025-10-08 11:51:33,223 - app.imageparser - INFO - Traitement OCR de l'image : data/images\page2.jpg
2025-10-08 11:51:41,080 - app.imageparser - INFO - Texte extrait avec succès (1338 caractères)
2025-10-08 11:51:41,086 - app.imageparser - INFO - Traitement OCR de l'image : data/images\page3.jpg
2025-10-08 11:51:53,722 - app.imageparser - INFO - Texte extrait avec succès (2582 caractères)
2025-10-08 11:51:53,725 - app.imageparser - INFO - Traitement OCR de l'image : data/images\page4.jpg
2025-10-08 11:52:04,950 - app.imageparser - INFO - Texte extrait avec succès (2099 caractères)
2025-10-08 11:52:04,954 - app.imageparser - INFO - Traitement OCR de l'image : data/images\page5.jpg
2025-10-08 11:52:15,264 - app.imageparser - INFO - Texte extrait avec succès (2056 caractères)
2025-10-08 11:52:15,267 - app.imageparser - INFO - Traitement OCR de l'image : data/images\page6.jpg
2025-10-08 11:52:24,977 - app.imageparser - INFO - Texte extrait avec succès (2080 caractères)
2025-10-08 11:52:24,983 - app.imageparser - INFO - Traitement OCR du lot terminé
2025-10-08 11:52:24,985 - app.txtparser - INFO - 13 fichiers texte détectés dans C:\soukaina touati\devs\chat_bot_azure\data\batch_txt
2025-10-08 11:52:25,042 - app.txtparser - INFO - Corpus chargé avec 13 fichiers texte.
2025-10-08 13:43:31,818 - app.imageparser - INFO - Modèle OCR chargé avec det_arch=db_resnet50, reco_arch=crnn_vgg16_bn, device=cpu
2025-10-08 13:43:31,825 - app.pdfparser - INFO - Recherche de fichiers PDF dans : data/pdf
2025-10-08 13:43:31,829 - app.pdfparser - INFO - Extraction du texte depuis le PDF : data/pdf\421-hovedbrosjyre-livmorhals_TT_EN_LINK_lr_removed.pdf
2025-10-08 13:43:34,430 - app.pdfparser - INFO - Texte extrait avec succès (20282 caractères)
2025-10-08 13:43:34,431 - app.pdfparser - INFO - Extraction du texte depuis le PDF : data/pdf\Management of Hepatitis B Infection_removed.pdf
2025-10-08 13:43:37,551 - app.pdfparser - INFO - Texte extrait avec succès (24656 caractères)
2025-10-08 13:43:37,552 - app.pdfparser - INFO - 2 fichiers PDF traités avec succès.
2025-10-08 13:43:37,553 - app.imageparser - INFO - Traitement en lot de 6 images
2025-10-08 13:43:37,553 - app.imageparser - INFO - Traitement OCR de l'image : data/images\page1.jpg
2025-10-08 13:43:46,872 - app.imageparser - INFO - Texte extrait avec succès (1187 caractères)
2025-10-08 13:43:46,876 - app.imageparser - INFO - Traitement OCR de l'image : data/images\page2.jpg
2025-10-08 13:43:54,162 - app.imageparser - INFO - Texte extrait avec succès (1338 caractères)
2025-10-08 13:43:54,171 - app.imageparser - INFO - Traitement OCR de l'image : data/images\page3.jpg
2025-10-08 13:44:05,363 - app.imageparser - INFO - Texte extrait avec succès (2582 caractères)
2025-10-08 13:44:05,371 - app.imageparser - INFO - Traitement OCR de l'image : data/images\page4.jpg
2025-10-08 13:44:16,307 - app.imageparser - INFO - Texte extrait avec succès (2099 caractères)
2025-10-08 13:44:16,314 - app.imageparser - INFO - Traitement OCR de l'image : data/images\page5.jpg
2025-10-08 13:44:25,961 - app.imageparser - INFO - Texte extrait avec succès (2056 caractères)
2025-10-08 13:44:25,968 - app.imageparser - INFO - Traitement OCR de l'image : data/images\page6.jpg
2025-10-08 13:44:36,013 - app.imageparser - INFO - Texte extrait avec succès (2080 caractères)
2025-10-08 13:44:36,017 - app.imageparser - INFO - Traitement OCR du lot terminé
2025-10-08 13:44:36,019 - app.txtparser - INFO - 13 fichiers texte détectés dans C:\soukaina touati\devs\chat_bot_azure\data\batch_txt
2025-10-08 13:44:36,368 - app.txtparser - INFO - Corpus chargé avec 13 fichiers texte.
