2025-10-07 16:30:29,621 - app.imageparser - ERROR - unable to access data/images
2025-10-08 09:54:20,193 - app.pdfparser - ERROR - Erreur lors de la lecture du PDF data/pdf: [Errno 13] Permission denied: 'data/pdf'
Traceback (most recent call last):
  File "C:\soukaina touati\devs\chat_bot_azure\backend\app\data_preparation\parsers\pdf_parser.py", line 27, in extract_text
    with pdfplumber.open(self.file_path) as pdf:
         ~~~~~~~~~~~~~~~^^^^^^^^^^^^^^^^
  File "C:\Users\touati\AppData\Roaming\Python\Python313\site-packages\pdfplumber\pdf.py", line 98, in open
    stream = open(path_or_fp, "rb")
PermissionError: [Errno 13] Permission denied: 'data/pdf'
2025-10-08 09:54:20,306 - app.pdfparser - WARNING - Aucun texte extrait du PDF : data/pdf
2025-10-08 09:55:03,380 - app.pdfparser - ERROR - Erreur lors de la lecture du PDF data/pdf: [Errno 13] Permission denied: 'data/pdf'
Traceback (most recent call last):
  File "C:\soukaina touati\devs\chat_bot_azure\backend\app\data_preparation\parsers\pdf_parser.py", line 27, in extract_text
    with pdfplumber.open(self.file_path) as pdf:
         ~~~~~~~~~~~~~~~^^^^^^^^^^^^^^^^
  File "C:\Users\touati\AppData\Roaming\Python\Python313\site-packages\pdfplumber\pdf.py", line 98, in open
    stream = open(path_or_fp, "rb")
PermissionError: [Errno 13] Permission denied: 'data/pdf'
2025-10-08 09:55:03,385 - app.pdfparser - WARNING - Aucun texte extrait du PDF : data/pdf
2025-10-08 10:07:38,407 - app.pdfparser - ERROR - Erreur lors de la lecture du PDF data/pdf: [Errno 13] Permission denied: 'data/pdf'
Traceback (most recent call last):
  File "C:\soukaina touati\devs\chat_bot_azure\backend\app\data_preparation\parsers\pdf_parser.py", line 27, in extract_text
    with pdfplumber.open(path) as pdf:
         ~~~~~~~~~~~~~~~^^^^^^
  File "C:\Users\touati\AppData\Roaming\Python\Python313\site-packages\pdfplumber\pdf.py", line 98, in open
    stream = open(path_or_fp, "rb")
PermissionError: [Errno 13] Permission denied: 'data/pdf'
2025-10-08 10:07:38,445 - app.pdfparser - WARNING - Aucun texte extrait du PDF : data/pdf
2025-10-08 10:38:36,783 - app.pdfparser - ERROR - Erreur lors de la lecture du PDF data/pdf: [Errno 13] Permission denied: 'data/pdf'
Traceback (most recent call last):
  File "C:\soukaina touati\devs\chat_bot_azure\backend\app\data_preparation\parsers\pdf_parser.py", line 27, in extract_text
    with pdfplumber.open(path) as pdf:
         ~~~~~~~~~~~~~~~^^^^^^
  File "C:\Users\touati\AppData\Roaming\Python\Python313\site-packages\pdfplumber\pdf.py", line 98, in open
    stream = open(path_or_fp, "rb")
PermissionError: [Errno 13] Permission denied: 'data/pdf'
2025-10-08 10:38:36,788 - app.pdfparser - WARNING - Aucun texte extrait du PDF : data/pdf
